WARNING: A terminally deprecated method in sun.misc.Unsafe has been called
WARNING: sun.misc.Unsafe::objectFieldOffset has been called by org.openjdk.jmh.util.Utils (file:pointer-chasing/build/libs/pointer-chasing-0.1.0-jmh.jar)
WARNING: Please consider reporting this to the maintainers of class org.openjdk.jmh.util.Utils
WARNING: sun.misc.Unsafe::objectFieldOffset will be removed in a future release
# JMH version: 1.37
# VM version: JDK 25.0.2, OpenJDK 64-Bit Server VM, 25.0.2+10-69
# VM invoker: java
# VM options: -Xms1g -Xmx4g
# Blackhole mode: compiler (auto-detected, use -Djmh.blackhole.autoDetect=false to disable)
# Warmup: 5 iterations, 300 ms each
# Measurement: 5 iterations, 500 ms each
# Timeout: 10 min per iteration
# Threads: 1 thread, will synchronize iterations
# Benchmark mode: Average time, time/op
# Benchmark: io.github.galiulin.benchmarks.pointerchasing.PointerChasingBenchmark.array
# Parameters: (size = 1000)

# Run progress: 0.00% complete, ETA 00:02:24
# Fork: 1 of 3
WARNING: A terminally deprecated method in sun.misc.Unsafe has been called
WARNING: sun.misc.Unsafe::objectFieldOffset has been called by org.openjdk.jmh.util.Utils (file:pointer-chasing/build/libs/pointer-chasing-0.1.0-jmh.jar)
WARNING: Please consider reporting this to the maintainers of class org.openjdk.jmh.util.Utils
WARNING: sun.misc.Unsafe::objectFieldOffset will be removed in a future release
# Warmup Iteration   1: 284.100 ns/op
# Warmup Iteration   2: 277.091 ns/op
# Warmup Iteration   3: 275.729 ns/op
# Warmup Iteration   4: 275.805 ns/op
# Warmup Iteration   5: 277.802 ns/op
Iteration   1: 275.629 ns/op
Iteration   2: 277.949 ns/op
Iteration   3: 273.818 ns/op
Iteration   4: 276.862 ns/op
Iteration   5: 277.257 ns/op

# Run progress: 2.78% complete, ETA 00:02:28
# Fork: 2 of 3
WARNING: A terminally deprecated method in sun.misc.Unsafe has been called
WARNING: sun.misc.Unsafe::objectFieldOffset has been called by org.openjdk.jmh.util.Utils (file:pointer-chasing/build/libs/pointer-chasing-0.1.0-jmh.jar)
WARNING: Please consider reporting this to the maintainers of class org.openjdk.jmh.util.Utils
WARNING: sun.misc.Unsafe::objectFieldOffset will be removed in a future release
# Warmup Iteration   1: 283.540 ns/op
# Warmup Iteration   2: 276.519 ns/op
# Warmup Iteration   3: 276.273 ns/op
# Warmup Iteration   4: 277.674 ns/op
# Warmup Iteration   5: 273.730 ns/op
Iteration   1: 277.776 ns/op
Iteration   2: 274.751 ns/op
Iteration   3: 277.767 ns/op
Iteration   4: 275.506 ns/op
Iteration   5: 278.658 ns/op

# Run progress: 5.56% complete, ETA 00:02:23
# Fork: 3 of 3
WARNING: A terminally deprecated method in sun.misc.Unsafe has been called
WARNING: sun.misc.Unsafe::objectFieldOffset has been called by org.openjdk.jmh.util.Utils (file:pointer-chasing/build/libs/pointer-chasing-0.1.0-jmh.jar)
WARNING: Please consider reporting this to the maintainers of class org.openjdk.jmh.util.Utils
WARNING: sun.misc.Unsafe::objectFieldOffset will be removed in a future release
# Warmup Iteration   1: 279.088 ns/op
# Warmup Iteration   2: 277.240 ns/op
# Warmup Iteration   3: 276.841 ns/op
# Warmup Iteration   4: 272.861 ns/op
# Warmup Iteration   5: 275.928 ns/op
Iteration   1: 279.428 ns/op
Iteration   2: 276.238 ns/op
Iteration   3: 275.333 ns/op
Iteration   4: 276.276 ns/op
Iteration   5: 275.339 ns/op


Result "io.github.galiulin.benchmarks.pointerchasing.PointerChasingBenchmark.array":
  276.572 ±(99.9%) 1.667 ns/op [Average]
  (min, avg, max) = (273.818, 276.572, 279.428), stdev = 1.559
  CI (99.9%): [274.906, 278.239] (assumes normal distribution)


# JMH version: 1.37
# VM version: JDK 25.0.2, OpenJDK 64-Bit Server VM, 25.0.2+10-69
# VM invoker: java
# VM options: -Xms1g -Xmx4g
# Blackhole mode: compiler (auto-detected, use -Djmh.blackhole.autoDetect=false to disable)
# Warmup: 5 iterations, 300 ms each
# Measurement: 5 iterations, 500 ms each
# Timeout: 10 min per iteration
# Threads: 1 thread, will synchronize iterations
# Benchmark mode: Average time, time/op
# Benchmark: io.github.galiulin.benchmarks.pointerchasing.PointerChasingBenchmark.array
# Parameters: (size = 100000)

# Run progress: 8.33% complete, ETA 00:02:18
# Fork: 1 of 3
WARNING: A terminally deprecated method in sun.misc.Unsafe has been called
WARNING: sun.misc.Unsafe::objectFieldOffset has been called by org.openjdk.jmh.util.Utils (file:pointer-chasing/build/libs/pointer-chasing-0.1.0-jmh.jar)
WARNING: Please consider reporting this to the maintainers of class org.openjdk.jmh.util.Utils
WARNING: sun.misc.Unsafe::objectFieldOffset will be removed in a future release
# Warmup Iteration   1: 30153.577 ns/op
# Warmup Iteration   2: 29657.284 ns/op
# Warmup Iteration   3: 29401.845 ns/op
# Warmup Iteration   4: 29814.339 ns/op
# Warmup Iteration   5: 29905.316 ns/op
Iteration   1: 29440.970 ns/op
Iteration   2: 30180.097 ns/op
Iteration   3: 29669.646 ns/op
Iteration   4: 29936.848 ns/op
Iteration   5: 29499.594 ns/op

# Run progress: 11.11% complete, ETA 00:02:14
# Fork: 2 of 3
WARNING: A terminally deprecated method in sun.misc.Unsafe has been called
WARNING: sun.misc.Unsafe::objectFieldOffset has been called by org.openjdk.jmh.util.Utils (file:pointer-chasing/build/libs/pointer-chasing-0.1.0-jmh.jar)
WARNING: Please consider reporting this to the maintainers of class org.openjdk.jmh.util.Utils
WARNING: sun.misc.Unsafe::objectFieldOffset will be removed in a future release
# Warmup Iteration   1: 30141.028 ns/op
# Warmup Iteration   2: 29505.566 ns/op
# Warmup Iteration   3: 30035.110 ns/op
# Warmup Iteration   4: 29692.561 ns/op
# Warmup Iteration   5: 29840.885 ns/op
Iteration   1: 30174.996 ns/op
Iteration   2: 29579.519 ns/op
Iteration   3: 29789.691 ns/op
Iteration   4: 29702.067 ns/op
Iteration   5: 29776.458 ns/op

# Run progress: 13.89% complete, ETA 00:02:10
# Fork: 3 of 3
WARNING: A terminally deprecated method in sun.misc.Unsafe has been called
WARNING: sun.misc.Unsafe::objectFieldOffset has been called by org.openjdk.jmh.util.Utils (file:pointer-chasing/build/libs/pointer-chasing-0.1.0-jmh.jar)
WARNING: Please consider reporting this to the maintainers of class org.openjdk.jmh.util.Utils
WARNING: sun.misc.Unsafe::objectFieldOffset will be removed in a future release
# Warmup Iteration   1: 30207.036 ns/op
# Warmup Iteration   2: 29912.618 ns/op
# Warmup Iteration   3: 29764.375 ns/op
# Warmup Iteration   4: 30088.646 ns/op
# Warmup Iteration   5: 30224.965 ns/op
Iteration   1: 29651.154 ns/op
Iteration   2: 29862.712 ns/op
Iteration   3: 29461.306 ns/op
Iteration   4: 29921.630 ns/op
Iteration   5: 29479.691 ns/op


Result "io.github.galiulin.benchmarks.pointerchasing.PointerChasingBenchmark.array":
  29741.759 ±(99.9%) 256.533 ns/op [Average]
  (min, avg, max) = (29440.970, 29741.759, 30180.097), stdev = 239.961
  CI (99.9%): [29485.226, 29998.291] (assumes normal distribution)


# JMH version: 1.37
# VM version: JDK 25.0.2, OpenJDK 64-Bit Server VM, 25.0.2+10-69
# VM invoker: java
# VM options: -Xms1g -Xmx4g
# Blackhole mode: compiler (auto-detected, use -Djmh.blackhole.autoDetect=false to disable)
# Warmup: 5 iterations, 300 ms each
# Measurement: 5 iterations, 500 ms each
# Timeout: 10 min per iteration
# Threads: 1 thread, will synchronize iterations
# Benchmark mode: Average time, time/op
# Benchmark: io.github.galiulin.benchmarks.pointerchasing.PointerChasingBenchmark.array
# Parameters: (size = 10000000)

# Run progress: 16.67% complete, ETA 00:02:06
# Fork: 1 of 3
WARNING: A terminally deprecated method in sun.misc.Unsafe has been called
WARNING: sun.misc.Unsafe::objectFieldOffset has been called by org.openjdk.jmh.util.Utils (file:pointer-chasing/build/libs/pointer-chasing-0.1.0-jmh.jar)
WARNING: Please consider reporting this to the maintainers of class org.openjdk.jmh.util.Utils
WARNING: sun.misc.Unsafe::objectFieldOffset will be removed in a future release
# Warmup Iteration   1: 3133745.327 ns/op
# Warmup Iteration   2: 3026614.693 ns/op
# Warmup Iteration   3: 2991261.843 ns/op
# Warmup Iteration   4: 3019475.830 ns/op
# Warmup Iteration   5: 3043056.109 ns/op
Iteration   1: 2986445.185 ns/op
Iteration   2: 3028346.808 ns/op
Iteration   3: 2984612.917 ns/op
Iteration   4: 3039529.940 ns/op
Iteration   5: 2968332.106 ns/op

# Run progress: 19.44% complete, ETA 00:02:17
# Fork: 2 of 3
WARNING: A terminally deprecated method in sun.misc.Unsafe has been called
WARNING: sun.misc.Unsafe::objectFieldOffset has been called by org.openjdk.jmh.util.Utils (file:pointer-chasing/build/libs/pointer-chasing-0.1.0-jmh.jar)
WARNING: Please consider reporting this to the maintainers of class org.openjdk.jmh.util.Utils
WARNING: sun.misc.Unsafe::objectFieldOffset will be removed in a future release
# Warmup Iteration   1: 3089874.576 ns/op
# Warmup Iteration   2: 3002916.255 ns/op
# Warmup Iteration   3: 2997886.029 ns/op
# Warmup Iteration   4: 3012857.673 ns/op
# Warmup Iteration   5: 3067912.879 ns/op
Iteration   1: 3002202.663 ns/op
Iteration   2: 3030585.581 ns/op
Iteration   3: 2973171.324 ns/op
Iteration   4: 3046997.741 ns/op
Iteration   5: 2969892.053 ns/op

# Run progress: 22.22% complete, ETA 00:02:22
# Fork: 3 of 3
WARNING: A terminally deprecated method in sun.misc.Unsafe has been called
WARNING: sun.misc.Unsafe::objectFieldOffset has been called by org.openjdk.jmh.util.Utils (file:pointer-chasing/build/libs/pointer-chasing-0.1.0-jmh.jar)
WARNING: Please consider reporting this to the maintainers of class org.openjdk.jmh.util.Utils
WARNING: sun.misc.Unsafe::objectFieldOffset will be removed in a future release
# Warmup Iteration   1: 3085467.255 ns/op
# Warmup Iteration   2: 3028918.317 ns/op
# Warmup Iteration   3: 2980547.738 ns/op
# Warmup Iteration   4: 3006933.010 ns/op
# Warmup Iteration   5: 3026383.663 ns/op
Iteration   1: 2989860.947 ns/op
Iteration   2: 3004555.964 ns/op
Iteration   3: 3028396.707 ns/op
Iteration   4: 3058893.182 ns/op
Iteration   5: 3029246.257 ns/op


Result "io.github.galiulin.benchmarks.pointerchasing.PointerChasingBenchmark.array":
  3009404.625 ±(99.9%) 31933.905 ns/op [Average]
  (min, avg, max) = (2968332.106, 3009404.625, 3058893.182), stdev = 29870.994
  CI (99.9%): [2977470.720, 3041338.530] (assumes normal distribution)


# JMH version: 1.37
# VM version: JDK 25.0.2, OpenJDK 64-Bit Server VM, 25.0.2+10-69
# VM invoker: java
# VM options: -Xms1g -Xmx4g
# Blackhole mode: compiler (auto-detected, use -Djmh.blackhole.autoDetect=false to disable)
# Warmup: 5 iterations, 300 ms each
# Measurement: 5 iterations, 500 ms each
# Timeout: 10 min per iteration
# Threads: 1 thread, will synchronize iterations
# Benchmark mode: Average time, time/op
# Benchmark: io.github.galiulin.benchmarks.pointerchasing.PointerChasingBenchmark.boxedArrayList
# Parameters: (size = 1000)

# Run progress: 25.00% complete, ETA 00:02:25
# Fork: 1 of 3
WARNING: A terminally deprecated method in sun.misc.Unsafe has been called
WARNING: sun.misc.Unsafe::objectFieldOffset has been called by org.openjdk.jmh.util.Utils (file:pointer-chasing/build/libs/pointer-chasing-0.1.0-jmh.jar)
WARNING: Please consider reporting this to the maintainers of class org.openjdk.jmh.util.Utils
WARNING: sun.misc.Unsafe::objectFieldOffset will be removed in a future release
# Warmup Iteration   1: 379.725 ns/op
# Warmup Iteration   2: 366.380 ns/op
# Warmup Iteration   3: 365.535 ns/op
# Warmup Iteration   4: 366.059 ns/op
# Warmup Iteration   5: 365.948 ns/op
Iteration   1: 369.957 ns/op
Iteration   2: 364.137 ns/op
Iteration   3: 365.454 ns/op
Iteration   4: 365.352 ns/op
Iteration   5: 368.011 ns/op

# Run progress: 27.78% complete, ETA 00:02:16
# Fork: 2 of 3
WARNING: A terminally deprecated method in sun.misc.Unsafe has been called
WARNING: sun.misc.Unsafe::objectFieldOffset has been called by org.openjdk.jmh.util.Utils (file:pointer-chasing/build/libs/pointer-chasing-0.1.0-jmh.jar)
WARNING: Please consider reporting this to the maintainers of class org.openjdk.jmh.util.Utils
WARNING: sun.misc.Unsafe::objectFieldOffset will be removed in a future release
# Warmup Iteration   1: 381.740 ns/op
# Warmup Iteration   2: 363.942 ns/op
# Warmup Iteration   3: 366.225 ns/op
# Warmup Iteration   4: 362.481 ns/op
# Warmup Iteration   5: 366.570 ns/op
Iteration   1: 364.741 ns/op
Iteration   2: 364.072 ns/op
Iteration   3: 366.448 ns/op
Iteration   4: 366.026 ns/op
Iteration   5: 365.269 ns/op

# Run progress: 30.56% complete, ETA 00:02:09
# Fork: 3 of 3
WARNING: A terminally deprecated method in sun.misc.Unsafe has been called
WARNING: sun.misc.Unsafe::objectFieldOffset has been called by org.openjdk.jmh.util.Utils (file:pointer-chasing/build/libs/pointer-chasing-0.1.0-jmh.jar)
WARNING: Please consider reporting this to the maintainers of class org.openjdk.jmh.util.Utils
WARNING: sun.misc.Unsafe::objectFieldOffset will be removed in a future release
# Warmup Iteration   1: 380.300 ns/op
# Warmup Iteration   2: 365.169 ns/op
# Warmup Iteration   3: 362.687 ns/op
# Warmup Iteration   4: 365.576 ns/op
# Warmup Iteration   5: 366.256 ns/op
Iteration   1: 362.997 ns/op
Iteration   2: 365.080 ns/op
Iteration   3: 363.897 ns/op
Iteration   4: 364.837 ns/op
Iteration   5: 364.399 ns/op


Result "io.github.galiulin.benchmarks.pointerchasing.PointerChasingBenchmark.boxedArrayList":
  365.378 ±(99.9%) 1.859 ns/op [Average]
  (min, avg, max) = (362.997, 365.378, 369.957), stdev = 1.739
  CI (99.9%): [363.519, 367.238] (assumes normal distribution)


# JMH version: 1.37
# VM version: JDK 25.0.2, OpenJDK 64-Bit Server VM, 25.0.2+10-69
# VM invoker: java
# VM options: -Xms1g -Xmx4g
# Blackhole mode: compiler (auto-detected, use -Djmh.blackhole.autoDetect=false to disable)
# Warmup: 5 iterations, 300 ms each
# Measurement: 5 iterations, 500 ms each
# Timeout: 10 min per iteration
# Threads: 1 thread, will synchronize iterations
# Benchmark mode: Average time, time/op
# Benchmark: io.github.galiulin.benchmarks.pointerchasing.PointerChasingBenchmark.boxedArrayList
# Parameters: (size = 100000)

# Run progress: 33.33% complete, ETA 00:02:02
# Fork: 1 of 3
WARNING: A terminally deprecated method in sun.misc.Unsafe has been called
WARNING: sun.misc.Unsafe::objectFieldOffset has been called by org.openjdk.jmh.util.Utils (file:pointer-chasing/build/libs/pointer-chasing-0.1.0-jmh.jar)
WARNING: Please consider reporting this to the maintainers of class org.openjdk.jmh.util.Utils
WARNING: sun.misc.Unsafe::objectFieldOffset will be removed in a future release
# Warmup Iteration   1: 43822.005 ns/op
# Warmup Iteration   2: 43113.331 ns/op
# Warmup Iteration   3: 43278.063 ns/op
# Warmup Iteration   4: 43084.551 ns/op
# Warmup Iteration   5: 42820.566 ns/op
Iteration   1: 42960.451 ns/op
Iteration   2: 42740.599 ns/op
Iteration   3: 43297.253 ns/op
Iteration   4: 42863.532 ns/op
Iteration   5: 42620.668 ns/op

# Run progress: 36.11% complete, ETA 00:01:55
# Fork: 2 of 3
WARNING: A terminally deprecated method in sun.misc.Unsafe has been called
WARNING: sun.misc.Unsafe::objectFieldOffset has been called by org.openjdk.jmh.util.Utils (file:pointer-chasing/build/libs/pointer-chasing-0.1.0-jmh.jar)
WARNING: Please consider reporting this to the maintainers of class org.openjdk.jmh.util.Utils
WARNING: sun.misc.Unsafe::objectFieldOffset will be removed in a future release
# Warmup Iteration   1: 43920.425 ns/op
# Warmup Iteration   2: 43110.805 ns/op
# Warmup Iteration   3: 43080.456 ns/op
# Warmup Iteration   4: 42853.543 ns/op
# Warmup Iteration   5: 42791.141 ns/op
Iteration   1: 42631.890 ns/op
Iteration   2: 42710.187 ns/op
Iteration   3: 42620.770 ns/op
Iteration   4: 42604.418 ns/op
Iteration   5: 42796.549 ns/op

# Run progress: 38.89% complete, ETA 00:01:49
# Fork: 3 of 3
WARNING: A terminally deprecated method in sun.misc.Unsafe has been called
WARNING: sun.misc.Unsafe::objectFieldOffset has been called by org.openjdk.jmh.util.Utils (file:pointer-chasing/build/libs/pointer-chasing-0.1.0-jmh.jar)
WARNING: Please consider reporting this to the maintainers of class org.openjdk.jmh.util.Utils
WARNING: sun.misc.Unsafe::objectFieldOffset will be removed in a future release
# Warmup Iteration   1: 44355.666 ns/op
# Warmup Iteration   2: 42696.841 ns/op
# Warmup Iteration   3: 42869.754 ns/op
# Warmup Iteration   4: 43312.470 ns/op
# Warmup Iteration   5: 43096.196 ns/op
Iteration   1: 42794.088 ns/op
Iteration   2: 42761.031 ns/op
Iteration   3: 42875.499 ns/op
Iteration   4: 42724.796 ns/op
Iteration   5: 42856.218 ns/op


Result "io.github.galiulin.benchmarks.pointerchasing.PointerChasingBenchmark.boxedArrayList":
  42790.530 ±(99.9%) 188.264 ns/op [Average]
  (min, avg, max) = (42604.418, 42790.530, 43297.253), stdev = 176.102
  CI (99.9%): [42602.266, 42978.794] (assumes normal distribution)


# JMH version: 1.37
# VM version: JDK 25.0.2, OpenJDK 64-Bit Server VM, 25.0.2+10-69
# VM invoker: java
# VM options: -Xms1g -Xmx4g
# Blackhole mode: compiler (auto-detected, use -Djmh.blackhole.autoDetect=false to disable)
# Warmup: 5 iterations, 300 ms each
# Measurement: 5 iterations, 500 ms each
# Timeout: 10 min per iteration
# Threads: 1 thread, will synchronize iterations
# Benchmark mode: Average time, time/op
# Benchmark: io.github.galiulin.benchmarks.pointerchasing.PointerChasingBenchmark.boxedArrayList
# Parameters: (size = 10000000)

# Run progress: 41.67% complete, ETA 00:01:43
# Fork: 1 of 3
WARNING: A terminally deprecated method in sun.misc.Unsafe has been called
WARNING: sun.misc.Unsafe::objectFieldOffset has been called by org.openjdk.jmh.util.Utils (file:pointer-chasing/build/libs/pointer-chasing-0.1.0-jmh.jar)
WARNING: Please consider reporting this to the maintainers of class org.openjdk.jmh.util.Utils
WARNING: sun.misc.Unsafe::objectFieldOffset will be removed in a future release
# Warmup Iteration   1: 5980327.608 ns/op
# Warmup Iteration   2: 5584800.764 ns/op
# Warmup Iteration   3: 5710922.170 ns/op
# Warmup Iteration   4: 5586393.182 ns/op
# Warmup Iteration   5: 5564996.130 ns/op
Iteration   1: 5663006.478 ns/op
Iteration   2: 5785990.897 ns/op
Iteration   3: 5837985.632 ns/op
Iteration   4: 5895691.176 ns/op
Iteration   5: 5923394.384 ns/op

# Run progress: 44.44% complete, ETA 00:01:41
# Fork: 2 of 3
WARNING: A terminally deprecated method in sun.misc.Unsafe has been called
WARNING: sun.misc.Unsafe::objectFieldOffset has been called by org.openjdk.jmh.util.Utils (file:pointer-chasing/build/libs/pointer-chasing-0.1.0-jmh.jar)
WARNING: Please consider reporting this to the maintainers of class org.openjdk.jmh.util.Utils
WARNING: sun.misc.Unsafe::objectFieldOffset will be removed in a future release
# Warmup Iteration   1: 6503517.745 ns/op
# Warmup Iteration   2: 5874405.462 ns/op
# Warmup Iteration   3: 5897387.019 ns/op
# Warmup Iteration   4: 5719569.962 ns/op
# Warmup Iteration   5: 5594540.907 ns/op
Iteration   1: 5535243.652 ns/op
Iteration   2: 5566358.066 ns/op
Iteration   3: 5539260.870 ns/op
Iteration   4: 5686349.719 ns/op
Iteration   5: 5550439.560 ns/op

# Run progress: 47.22% complete, ETA 00:01:39
# Fork: 3 of 3
WARNING: A terminally deprecated method in sun.misc.Unsafe has been called
WARNING: sun.misc.Unsafe::objectFieldOffset has been called by org.openjdk.jmh.util.Utils (file:pointer-chasing/build/libs/pointer-chasing-0.1.0-jmh.jar)
WARNING: Please consider reporting this to the maintainers of class org.openjdk.jmh.util.Utils
WARNING: sun.misc.Unsafe::objectFieldOffset will be removed in a future release
# Warmup Iteration   1: 5815823.906 ns/op
# Warmup Iteration   2: 5514642.857 ns/op
# Warmup Iteration   3: 5521016.357 ns/op
# Warmup Iteration   4: 5523806.554 ns/op
# Warmup Iteration   5: 5504706.107 ns/op
Iteration   1: 5516002.717 ns/op
Iteration   2: 5523962.859 ns/op
Iteration   3: 5505937.946 ns/op
Iteration   4: 5569209.703 ns/op
Iteration   5: 5484203.348 ns/op


Result "io.github.galiulin.benchmarks.pointerchasing.PointerChasingBenchmark.boxedArrayList":
  5638869.134 ±(99.9%) 161506.355 ns/op [Average]
  (min, avg, max) = (5484203.348, 5638869.134, 5923394.384), stdev = 151073.145
  CI (99.9%): [5477362.779, 5800375.489] (assumes normal distribution)


# JMH version: 1.37
# VM version: JDK 25.0.2, OpenJDK 64-Bit Server VM, 25.0.2+10-69
# VM invoker: java
# VM options: -Xms1g -Xmx4g
# Blackhole mode: compiler (auto-detected, use -Djmh.blackhole.autoDetect=false to disable)
# Warmup: 5 iterations, 300 ms each
# Measurement: 5 iterations, 500 ms each
# Timeout: 10 min per iteration
# Threads: 1 thread, will synchronize iterations
# Benchmark mode: Average time, time/op
# Benchmark: io.github.galiulin.benchmarks.pointerchasing.PointerChasingBenchmark.linkedSequential
# Parameters: (size = 1000)

# Run progress: 50.00% complete, ETA 00:01:36
# Fork: 1 of 3
WARNING: A terminally deprecated method in sun.misc.Unsafe has been called
WARNING: sun.misc.Unsafe::objectFieldOffset has been called by org.openjdk.jmh.util.Utils (file:pointer-chasing/build/libs/pointer-chasing-0.1.0-jmh.jar)
WARNING: Please consider reporting this to the maintainers of class org.openjdk.jmh.util.Utils
WARNING: sun.misc.Unsafe::objectFieldOffset will be removed in a future release
# Warmup Iteration   1: 1794.154 ns/op
# Warmup Iteration   2: 1769.846 ns/op
# Warmup Iteration   3: 1790.050 ns/op
# Warmup Iteration   4: 1761.626 ns/op
# Warmup Iteration   5: 1772.910 ns/op
Iteration   1: 1782.811 ns/op
Iteration   2: 1781.889 ns/op
Iteration   3: 1774.470 ns/op
Iteration   4: 1764.041 ns/op
Iteration   5: 1776.334 ns/op

# Run progress: 52.78% complete, ETA 00:01:30
# Fork: 2 of 3
WARNING: A terminally deprecated method in sun.misc.Unsafe has been called
WARNING: sun.misc.Unsafe::objectFieldOffset has been called by org.openjdk.jmh.util.Utils (file:pointer-chasing/build/libs/pointer-chasing-0.1.0-jmh.jar)
WARNING: Please consider reporting this to the maintainers of class org.openjdk.jmh.util.Utils
WARNING: sun.misc.Unsafe::objectFieldOffset will be removed in a future release
# Warmup Iteration   1: 1790.015 ns/op
# Warmup Iteration   2: 1751.930 ns/op
# Warmup Iteration   3: 1748.538 ns/op
# Warmup Iteration   4: 1761.671 ns/op
# Warmup Iteration   5: 1740.509 ns/op
Iteration   1: 1775.270 ns/op
Iteration   2: 1754.098 ns/op
Iteration   3: 1751.161 ns/op
Iteration   4: 1743.120 ns/op
Iteration   5: 1760.728 ns/op

# Run progress: 55.56% complete, ETA 00:01:24
# Fork: 3 of 3
WARNING: A terminally deprecated method in sun.misc.Unsafe has been called
WARNING: sun.misc.Unsafe::objectFieldOffset has been called by org.openjdk.jmh.util.Utils (file:pointer-chasing/build/libs/pointer-chasing-0.1.0-jmh.jar)
WARNING: Please consider reporting this to the maintainers of class org.openjdk.jmh.util.Utils
WARNING: sun.misc.Unsafe::objectFieldOffset will be removed in a future release
# Warmup Iteration   1: 1791.158 ns/op
# Warmup Iteration   2: 1749.068 ns/op
# Warmup Iteration   3: 1742.287 ns/op
# Warmup Iteration   4: 1739.037 ns/op
# Warmup Iteration   5: 1772.770 ns/op
Iteration   1: 1743.205 ns/op
Iteration   2: 1744.052 ns/op
Iteration   3: 1740.933 ns/op
Iteration   4: 1763.302 ns/op
Iteration   5: 1744.720 ns/op


Result "io.github.galiulin.benchmarks.pointerchasing.PointerChasingBenchmark.linkedSequential":
  1760.009 ±(99.9%) 16.333 ns/op [Average]
  (min, avg, max) = (1740.933, 1760.009, 1782.811), stdev = 15.278
  CI (99.9%): [1743.676, 1776.342] (assumes normal distribution)


# JMH version: 1.37
# VM version: JDK 25.0.2, OpenJDK 64-Bit Server VM, 25.0.2+10-69
# VM invoker: java
# VM options: -Xms1g -Xmx4g
# Blackhole mode: compiler (auto-detected, use -Djmh.blackhole.autoDetect=false to disable)
# Warmup: 5 iterations, 300 ms each
# Measurement: 5 iterations, 500 ms each
# Timeout: 10 min per iteration
# Threads: 1 thread, will synchronize iterations
# Benchmark mode: Average time, time/op
# Benchmark: io.github.galiulin.benchmarks.pointerchasing.PointerChasingBenchmark.linkedSequential
# Parameters: (size = 100000)

# Run progress: 58.33% complete, ETA 00:01:18
# Fork: 1 of 3
WARNING: A terminally deprecated method in sun.misc.Unsafe has been called
WARNING: sun.misc.Unsafe::objectFieldOffset has been called by org.openjdk.jmh.util.Utils (file:pointer-chasing/build/libs/pointer-chasing-0.1.0-jmh.jar)
WARNING: Please consider reporting this to the maintainers of class org.openjdk.jmh.util.Utils
WARNING: sun.misc.Unsafe::objectFieldOffset will be removed in a future release
# Warmup Iteration   1: 179760.349 ns/op
# Warmup Iteration   2: 175902.305 ns/op
# Warmup Iteration   3: 175966.623 ns/op
# Warmup Iteration   4: 176033.232 ns/op
# Warmup Iteration   5: 177832.775 ns/op
Iteration   1: 178016.311 ns/op
Iteration   2: 175255.002 ns/op
Iteration   3: 175522.180 ns/op
Iteration   4: 178557.362 ns/op
Iteration   5: 177689.764 ns/op

# Run progress: 61.11% complete, ETA 00:01:12
# Fork: 2 of 3
WARNING: A terminally deprecated method in sun.misc.Unsafe has been called
WARNING: sun.misc.Unsafe::objectFieldOffset has been called by org.openjdk.jmh.util.Utils (file:pointer-chasing/build/libs/pointer-chasing-0.1.0-jmh.jar)
WARNING: Please consider reporting this to the maintainers of class org.openjdk.jmh.util.Utils
WARNING: sun.misc.Unsafe::objectFieldOffset will be removed in a future release
# Warmup Iteration   1: 176649.316 ns/op
# Warmup Iteration   2: 174428.429 ns/op
# Warmup Iteration   3: 177260.265 ns/op
# Warmup Iteration   4: 175004.706 ns/op
# Warmup Iteration   5: 175501.797 ns/op
Iteration   1: 176479.443 ns/op
Iteration   2: 174882.257 ns/op
Iteration   3: 177572.788 ns/op
Iteration   4: 175206.903 ns/op
Iteration   5: 175944.575 ns/op

# Run progress: 63.89% complete, ETA 00:01:06
# Fork: 3 of 3
WARNING: A terminally deprecated method in sun.misc.Unsafe has been called
WARNING: sun.misc.Unsafe::objectFieldOffset has been called by org.openjdk.jmh.util.Utils (file:pointer-chasing/build/libs/pointer-chasing-0.1.0-jmh.jar)
WARNING: Please consider reporting this to the maintainers of class org.openjdk.jmh.util.Utils
WARNING: sun.misc.Unsafe::objectFieldOffset will be removed in a future release
# Warmup Iteration   1: 178907.523 ns/op
# Warmup Iteration   2: 177583.432 ns/op
# Warmup Iteration   3: 180885.768 ns/op
# Warmup Iteration   4: 178912.734 ns/op
# Warmup Iteration   5: 177872.571 ns/op
Iteration   1: 178463.734 ns/op
Iteration   2: 175930.396 ns/op
Iteration   3: 183199.873 ns/op
Iteration   4: 176578.411 ns/op
Iteration   5: 177232.273 ns/op


Result "io.github.galiulin.benchmarks.pointerchasing.PointerChasingBenchmark.linkedSequential":
  177102.085 ±(99.9%) 2220.097 ns/op [Average]
  (min, avg, max) = (174882.257, 177102.085, 183199.873), stdev = 2076.680
  CI (99.9%): [174881.988, 179322.182] (assumes normal distribution)


# JMH version: 1.37
# VM version: JDK 25.0.2, OpenJDK 64-Bit Server VM, 25.0.2+10-69
# VM invoker: java
# VM options: -Xms1g -Xmx4g
# Blackhole mode: compiler (auto-detected, use -Djmh.blackhole.autoDetect=false to disable)
# Warmup: 5 iterations, 300 ms each
# Measurement: 5 iterations, 500 ms each
# Timeout: 10 min per iteration
# Threads: 1 thread, will synchronize iterations
# Benchmark mode: Average time, time/op
# Benchmark: io.github.galiulin.benchmarks.pointerchasing.PointerChasingBenchmark.linkedSequential
# Parameters: (size = 10000000)

# Run progress: 66.67% complete, ETA 00:01:01
# Fork: 1 of 3
WARNING: A terminally deprecated method in sun.misc.Unsafe has been called
WARNING: sun.misc.Unsafe::objectFieldOffset has been called by org.openjdk.jmh.util.Utils (file:pointer-chasing/build/libs/pointer-chasing-0.1.0-jmh.jar)
WARNING: Please consider reporting this to the maintainers of class org.openjdk.jmh.util.Utils
WARNING: sun.misc.Unsafe::objectFieldOffset will be removed in a future release
# Warmup Iteration   1: 18993786.765 ns/op
# Warmup Iteration   2: 18458500.000 ns/op
# Warmup Iteration   3: 18505262.235 ns/op
# Warmup Iteration   4: 18703492.647 ns/op
# Warmup Iteration   5: 18469046.529 ns/op
Iteration   1: 18788629.630 ns/op
Iteration   2: 19138524.667 ns/op
Iteration   3: 19036711.444 ns/op
Iteration   4: 18987186.704 ns/op
Iteration   5: 19083637.370 ns/op

# Run progress: 69.44% complete, ETA 00:00:57
# Fork: 2 of 3
WARNING: A terminally deprecated method in sun.misc.Unsafe has been called
WARNING: sun.misc.Unsafe::objectFieldOffset has been called by org.openjdk.jmh.util.Utils (file:pointer-chasing/build/libs/pointer-chasing-0.1.0-jmh.jar)
WARNING: Please consider reporting this to the maintainers of class org.openjdk.jmh.util.Utils
WARNING: sun.misc.Unsafe::objectFieldOffset will be removed in a future release
# Warmup Iteration   1: 18887536.765 ns/op
# Warmup Iteration   2: 18640482.824 ns/op
# Warmup Iteration   3: 18578424.000 ns/op
# Warmup Iteration   4: 18849948.529 ns/op
# Warmup Iteration   5: 19040234.375 ns/op
Iteration   1: 18745413.556 ns/op
Iteration   2: 18736044.741 ns/op
Iteration   3: 18595251.500 ns/op
Iteration   4: 18908163.593 ns/op
Iteration   5: 18537918.143 ns/op

# Run progress: 72.22% complete, ETA 00:00:52
# Fork: 3 of 3
WARNING: A terminally deprecated method in sun.misc.Unsafe has been called
WARNING: sun.misc.Unsafe::objectFieldOffset has been called by org.openjdk.jmh.util.Utils (file:pointer-chasing/build/libs/pointer-chasing-0.1.0-jmh.jar)
WARNING: Please consider reporting this to the maintainers of class org.openjdk.jmh.util.Utils
WARNING: sun.misc.Unsafe::objectFieldOffset will be removed in a future release
# Warmup Iteration   1: 18786352.941 ns/op
# Warmup Iteration   2: 18591161.765 ns/op
# Warmup Iteration   3: 18800350.529 ns/op
# Warmup Iteration   4: 18909507.353 ns/op
# Warmup Iteration   5: 19003764.706 ns/op
Iteration   1: 18938222.222 ns/op
Iteration   2: 18766003.074 ns/op
Iteration   3: 18633978.370 ns/op
Iteration   4: 18611937.500 ns/op
Iteration   5: 18693985.107 ns/op


Result "io.github.galiulin.benchmarks.pointerchasing.PointerChasingBenchmark.linkedSequential":
  18813440.508 ±(99.9%) 203512.809 ns/op [Average]
  (min, avg, max) = (18537918.143, 18813440.508, 19138524.667), stdev = 190366.008
  CI (99.9%): [18609927.699, 19016953.317] (assumes normal distribution)


# JMH version: 1.37
# VM version: JDK 25.0.2, OpenJDK 64-Bit Server VM, 25.0.2+10-69
# VM invoker: java
# VM options: -Xms1g -Xmx4g
# Blackhole mode: compiler (auto-detected, use -Djmh.blackhole.autoDetect=false to disable)
# Warmup: 5 iterations, 300 ms each
# Measurement: 5 iterations, 500 ms each
# Timeout: 10 min per iteration
# Threads: 1 thread, will synchronize iterations
# Benchmark mode: Average time, time/op
# Benchmark: io.github.galiulin.benchmarks.pointerchasing.PointerChasingBenchmark.linkedShuffled
# Parameters: (size = 1000)

# Run progress: 75.00% complete, ETA 00:00:48
# Fork: 1 of 3
WARNING: A terminally deprecated method in sun.misc.Unsafe has been called
WARNING: sun.misc.Unsafe::objectFieldOffset has been called by org.openjdk.jmh.util.Utils (file:pointer-chasing/build/libs/pointer-chasing-0.1.0-jmh.jar)
WARNING: Please consider reporting this to the maintainers of class org.openjdk.jmh.util.Utils
WARNING: sun.misc.Unsafe::objectFieldOffset will be removed in a future release
# Warmup Iteration   1: 1787.275 ns/op
# Warmup Iteration   2: 1776.363 ns/op
# Warmup Iteration   3: 1773.322 ns/op
# Warmup Iteration   4: 1779.731 ns/op
# Warmup Iteration   5: 1807.397 ns/op
Iteration   1: 1791.637 ns/op
Iteration   2: 1779.459 ns/op
Iteration   3: 1804.354 ns/op
Iteration   4: 1782.907 ns/op
Iteration   5: 1761.362 ns/op

# Run progress: 77.78% complete, ETA 00:00:42
# Fork: 2 of 3
WARNING: A terminally deprecated method in sun.misc.Unsafe has been called
WARNING: sun.misc.Unsafe::objectFieldOffset has been called by org.openjdk.jmh.util.Utils (file:pointer-chasing/build/libs/pointer-chasing-0.1.0-jmh.jar)
WARNING: Please consider reporting this to the maintainers of class org.openjdk.jmh.util.Utils
WARNING: sun.misc.Unsafe::objectFieldOffset will be removed in a future release
# Warmup Iteration   1: 1800.188 ns/op
# Warmup Iteration   2: 1755.421 ns/op
# Warmup Iteration   3: 1742.017 ns/op
# Warmup Iteration   4: 1762.907 ns/op
# Warmup Iteration   5: 1770.560 ns/op
Iteration   1: 1741.518 ns/op
Iteration   2: 1750.658 ns/op
Iteration   3: 1752.224 ns/op
Iteration   4: 1818.723 ns/op
Iteration   5: 1779.402 ns/op

# Run progress: 80.56% complete, ETA 00:00:37
# Fork: 3 of 3
WARNING: A terminally deprecated method in sun.misc.Unsafe has been called
WARNING: sun.misc.Unsafe::objectFieldOffset has been called by org.openjdk.jmh.util.Utils (file:pointer-chasing/build/libs/pointer-chasing-0.1.0-jmh.jar)
WARNING: Please consider reporting this to the maintainers of class org.openjdk.jmh.util.Utils
WARNING: sun.misc.Unsafe::objectFieldOffset will be removed in a future release
# Warmup Iteration   1: 1839.524 ns/op
# Warmup Iteration   2: 1805.531 ns/op
# Warmup Iteration   3: 1796.822 ns/op
# Warmup Iteration   4: 1793.044 ns/op
# Warmup Iteration   5: 1776.485 ns/op
Iteration   1: 1744.261 ns/op
Iteration   2: 1749.834 ns/op
Iteration   3: 1754.524 ns/op
Iteration   4: 1751.996 ns/op
Iteration   5: 1743.042 ns/op


Result "io.github.galiulin.benchmarks.pointerchasing.PointerChasingBenchmark.linkedShuffled":
  1767.060 ±(99.9%) 25.830 ns/op [Average]
  (min, avg, max) = (1741.518, 1767.060, 1818.723), stdev = 24.161
  CI (99.9%): [1741.230, 1792.890] (assumes normal distribution)


# JMH version: 1.37
# VM version: JDK 25.0.2, OpenJDK 64-Bit Server VM, 25.0.2+10-69
# VM invoker: java
# VM options: -Xms1g -Xmx4g
# Blackhole mode: compiler (auto-detected, use -Djmh.blackhole.autoDetect=false to disable)
# Warmup: 5 iterations, 300 ms each
# Measurement: 5 iterations, 500 ms each
# Timeout: 10 min per iteration
# Threads: 1 thread, will synchronize iterations
# Benchmark mode: Average time, time/op
# Benchmark: io.github.galiulin.benchmarks.pointerchasing.PointerChasingBenchmark.linkedShuffled
# Parameters: (size = 100000)

# Run progress: 83.33% complete, ETA 00:00:31
# Fork: 1 of 3
WARNING: A terminally deprecated method in sun.misc.Unsafe has been called
WARNING: sun.misc.Unsafe::objectFieldOffset has been called by org.openjdk.jmh.util.Utils (file:pointer-chasing/build/libs/pointer-chasing-0.1.0-jmh.jar)
WARNING: Please consider reporting this to the maintainers of class org.openjdk.jmh.util.Utils
WARNING: sun.misc.Unsafe::objectFieldOffset will be removed in a future release
# Warmup Iteration   1: 621116.359 ns/op
# Warmup Iteration   2: 629968.772 ns/op
# Warmup Iteration   3: 619467.716 ns/op
# Warmup Iteration   4: 605662.863 ns/op
# Warmup Iteration   5: 625774.504 ns/op
Iteration   1: 612297.322 ns/op
Iteration   2: 606879.451 ns/op
Iteration   3: 619176.061 ns/op
Iteration   4: 602934.218 ns/op
Iteration   5: 603018.895 ns/op

# Run progress: 86.11% complete, ETA 00:00:26
# Fork: 2 of 3
WARNING: A terminally deprecated method in sun.misc.Unsafe has been called
WARNING: sun.misc.Unsafe::objectFieldOffset has been called by org.openjdk.jmh.util.Utils (file:pointer-chasing/build/libs/pointer-chasing-0.1.0-jmh.jar)
WARNING: Please consider reporting this to the maintainers of class org.openjdk.jmh.util.Utils
WARNING: sun.misc.Unsafe::objectFieldOffset will be removed in a future release
# Warmup Iteration   1: 602614.213 ns/op
# Warmup Iteration   2: 605680.639 ns/op
# Warmup Iteration   3: 604205.364 ns/op
# Warmup Iteration   4: 605826.720 ns/op
# Warmup Iteration   5: 602750.165 ns/op
Iteration   1: 620663.955 ns/op
Iteration   2: 600741.033 ns/op
Iteration   3: 600410.550 ns/op
Iteration   4: 597835.210 ns/op
Iteration   5: 605849.367 ns/op

# Run progress: 88.89% complete, ETA 00:00:20
# Fork: 3 of 3
WARNING: A terminally deprecated method in sun.misc.Unsafe has been called
WARNING: sun.misc.Unsafe::objectFieldOffset has been called by org.openjdk.jmh.util.Utils (file:pointer-chasing/build/libs/pointer-chasing-0.1.0-jmh.jar)
WARNING: Please consider reporting this to the maintainers of class org.openjdk.jmh.util.Utils
WARNING: sun.misc.Unsafe::objectFieldOffset will be removed in a future release
# Warmup Iteration   1: 596858.318 ns/op
# Warmup Iteration   2: 615439.349 ns/op
# Warmup Iteration   3: 605084.901 ns/op
# Warmup Iteration   4: 596956.538 ns/op
# Warmup Iteration   5: 605949.334 ns/op
Iteration   1: 597847.041 ns/op
Iteration   2: 601333.034 ns/op
Iteration   3: 603251.840 ns/op
Iteration   4: 591751.872 ns/op
Iteration   5: 606781.412 ns/op


Result "io.github.galiulin.benchmarks.pointerchasing.PointerChasingBenchmark.linkedShuffled":
  604718.084 ±(99.9%) 8318.849 ns/op [Average]
  (min, avg, max) = (591751.872, 604718.084, 620663.955), stdev = 7781.456
  CI (99.9%): [596399.235, 613036.933] (assumes normal distribution)


# JMH version: 1.37
# VM version: JDK 25.0.2, OpenJDK 64-Bit Server VM, 25.0.2+10-69
# VM invoker: java
# VM options: -Xms1g -Xmx4g
# Blackhole mode: compiler (auto-detected, use -Djmh.blackhole.autoDetect=false to disable)
# Warmup: 5 iterations, 300 ms each
# Measurement: 5 iterations, 500 ms each
# Timeout: 10 min per iteration
# Threads: 1 thread, will synchronize iterations
# Benchmark mode: Average time, time/op
# Benchmark: io.github.galiulin.benchmarks.pointerchasing.PointerChasingBenchmark.linkedShuffled
# Parameters: (size = 10000000)

# Run progress: 91.67% complete, ETA 00:00:15
# Fork: 1 of 3
WARNING: A terminally deprecated method in sun.misc.Unsafe has been called
WARNING: sun.misc.Unsafe::objectFieldOffset has been called by org.openjdk.jmh.util.Utils (file:pointer-chasing/build/libs/pointer-chasing-0.1.0-jmh.jar)
WARNING: Please consider reporting this to the maintainers of class org.openjdk.jmh.util.Utils
WARNING: sun.misc.Unsafe::objectFieldOffset will be removed in a future release
# Warmup Iteration   1: 1143172708.000 ns/op
# Warmup Iteration   2: 1096815959.000 ns/op
# Warmup Iteration   3: 1110918792.000 ns/op
# Warmup Iteration   4: 1088989292.000 ns/op
# Warmup Iteration   5: 1089155292.000 ns/op
Iteration   1: 1079704125.000 ns/op
Iteration   2: 1089363375.000 ns/op
Iteration   3: 1085179750.000 ns/op
Iteration   4: 1089352708.000 ns/op
Iteration   5: 1093209167.000 ns/op

# Run progress: 94.44% complete, ETA 00:00:10
# Fork: 2 of 3
WARNING: A terminally deprecated method in sun.misc.Unsafe has been called
WARNING: sun.misc.Unsafe::objectFieldOffset has been called by org.openjdk.jmh.util.Utils (file:pointer-chasing/build/libs/pointer-chasing-0.1.0-jmh.jar)
WARNING: Please consider reporting this to the maintainers of class org.openjdk.jmh.util.Utils
WARNING: sun.misc.Unsafe::objectFieldOffset will be removed in a future release
# Warmup Iteration   1: 1146846042.000 ns/op
# Warmup Iteration   2: 1118194875.000 ns/op
# Warmup Iteration   3: 1102205042.000 ns/op
# Warmup Iteration   4: 1081823041.000 ns/op
# Warmup Iteration   5: 1078606125.000 ns/op
Iteration   1: 1089269584.000 ns/op
Iteration   2: 1075410625.000 ns/op
Iteration   3: 1081341250.000 ns/op
Iteration   4: 1106905041.000 ns/op
Iteration   5: 1103273917.000 ns/op

# Run progress: 97.22% complete, ETA 00:00:05
# Fork: 3 of 3
WARNING: A terminally deprecated method in sun.misc.Unsafe has been called
WARNING: sun.misc.Unsafe::objectFieldOffset has been called by org.openjdk.jmh.util.Utils (file:pointer-chasing/build/libs/pointer-chasing-0.1.0-jmh.jar)
WARNING: Please consider reporting this to the maintainers of class org.openjdk.jmh.util.Utils
WARNING: sun.misc.Unsafe::objectFieldOffset will be removed in a future release
# Warmup Iteration   1: 1062753458.000 ns/op
# Warmup Iteration   2: 1086814084.000 ns/op
# Warmup Iteration   3: 1062032584.000 ns/op
# Warmup Iteration   4: 1061898958.000 ns/op
# Warmup Iteration   5: 1048350167.000 ns/op
Iteration   1: 1072537917.000 ns/op
Iteration   2: 1058901792.000 ns/op
Iteration   3: 1061487208.000 ns/op
Iteration   4: 1055839041.000 ns/op
Iteration   5: 1047167167.000 ns/op


Result "io.github.galiulin.benchmarks.pointerchasing.PointerChasingBenchmark.linkedShuffled":
  1079262844.467 ±(99.9%) 18622236.919 ns/op [Average]
  (min, avg, max) = (1047167167.000, 1079262844.467, 1106905041.000), stdev = 17419251.970
  CI (99.9%): [1060640607.548, 1097885081.386] (assumes normal distribution)


# Run complete. Total time: 00:03:34

REMEMBER: The numbers below are just data. To gain reusable insights, you need to follow up on
why the numbers are the way they are. Use profilers (see -prof, -lprof), design factorial
experiments, perform baseline and negative tests that provide experimental control, make sure
the benchmarking environment is safe on JVM/OS/HW level, ask for reviews from the domain experts.
Do not assume the numbers tell you what you want them to tell.

NOTE: Current JVM experimentally supports Compiler Blackholes, and they are in use. Please exercise
extra caution when trusting the results, look into the generated code to check the benchmark still
works, and factor in a small probability of new VM bugs. Additionally, while comparisons between
different JVMs are already problematic, the performance difference caused by different Blackhole
modes can be very significant. Please make sure you use the consistent Blackhole mode for comparisons.

Benchmark                                   (size)  Mode  Cnt           Score          Error  Units
PointerChasingBenchmark.array                 1000  avgt   15         276.572 ±        1.667  ns/op
PointerChasingBenchmark.array               100000  avgt   15       29741.759 ±      256.533  ns/op
PointerChasingBenchmark.array             10000000  avgt   15     3009404.625 ±    31933.905  ns/op
PointerChasingBenchmark.boxedArrayList        1000  avgt   15         365.378 ±        1.859  ns/op
PointerChasingBenchmark.boxedArrayList      100000  avgt   15       42790.530 ±      188.264  ns/op
PointerChasingBenchmark.boxedArrayList    10000000  avgt   15     5638869.134 ±   161506.355  ns/op
PointerChasingBenchmark.linkedSequential      1000  avgt   15        1760.009 ±       16.333  ns/op
PointerChasingBenchmark.linkedSequential    100000  avgt   15      177102.085 ±     2220.097  ns/op
PointerChasingBenchmark.linkedSequential  10000000  avgt   15    18813440.508 ±   203512.809  ns/op
PointerChasingBenchmark.linkedShuffled        1000  avgt   15        1767.060 ±       25.830  ns/op
PointerChasingBenchmark.linkedShuffled      100000  avgt   15      604718.084 ±     8318.849  ns/op
PointerChasingBenchmark.linkedShuffled    10000000  avgt   15  1079262844.467 ± 18622236.919  ns/op

Benchmark result is saved to build/results/jmh/results.json
